// Jest Snapshot v1, https://goo.gl/fbAQLP

exports[`<ModalOverlay /> should match snapshot 1`] = `
<div
  className="modal-overlay"
/>
`;
